
> prprompts-flutter-generator@5.1.3 test
> jest tests/refactoring/generators/WidgetGenerator.test.js

  console.log
    [2025-11-24T21:57:52.533Z] [INFO] [WidgetGenerator] Generating Flutter widget for: SimpleButton

      at Logger.log [as _log] (lib/refactoring/utils/logger.js:222:15)

  console.log
    [2025-11-24T21:57:52.584Z] [INFO] [WidgetGenerator] Γ£ô Generated widget: SimpleButtonWidget (stateless)

      at Logger.log [as _log] (lib/refactoring/utils/logger.js:222:15)

  console.log
    [2025-11-24T21:57:52.590Z] [INFO] [WidgetGenerator] Generating Flutter widget for: Counter

      at Logger.log [as _log] (lib/refactoring/utils/logger.js:222:15)

  console.log
    [2025-11-24T21:57:52.592Z] [INFO] [WidgetGenerator] Γ£ô Generated widget: CounterWidget (stateful)

      at Logger.log [as _log] (lib/refactoring/utils/logger.js:222:15)

  console.log
    [2025-11-24T21:57:52.596Z] [INFO] [WidgetGenerator] Generating Flutter widget for: UserList

      at Logger.log [as _log] (lib/refactoring/utils/logger.js:222:15)

  console.log
    [2025-11-24T21:57:52.598Z] [INFO] [WidgetGenerator] Γ£ô Generated widget: UserListPage (stateful)

      at Logger.log [as _log] (lib/refactoring/utils/logger.js:222:15)

  console.log
    [2025-11-24T21:57:52.601Z] [INFO] [WidgetGenerator] Generating Flutter widget for: LoginPage

      at Logger.log [as _log] (lib/refactoring/utils/logger.js:222:15)

  console.log
    [2025-11-24T21:57:52.602Z] [INFO] [WidgetGenerator] Γ£ô Generated widget: LoginPage (stateless)

      at Logger.log [as _log] (lib/refactoring/utils/logger.js:222:15)

  console.log
    [2025-11-24T21:57:52.605Z] [INFO] [WidgetGenerator] Generating Flutter widget for: Button

      at Logger.log [as _log] (lib/refactoring/utils/logger.js:222:15)

  console.log
    [2025-11-24T21:57:52.607Z] [INFO] [WidgetGenerator] Γ£ô Generated widget: Button (stateless)

      at Logger.log [as _log] (lib/refactoring/utils/logger.js:222:15)

  console.log
    [2025-11-24T21:57:52.610Z] [INFO] [WidgetGenerator] Generating Flutter widget for: DataFetcher

      at Logger.log [as _log] (lib/refactoring/utils/logger.js:222:15)

  console.log
    [2025-11-24T21:57:52.612Z] [INFO] [WidgetGenerator] Γ£ô Generated widget: DataFetcherWidget (stateful)

      at Logger.log [as _log] (lib/refactoring/utils/logger.js:222:15)

  console.log
    [2025-11-24T21:57:52.614Z] [INFO] [WidgetGenerator] Generating Flutter widget for: Dashboard

      at Logger.log [as _log] (lib/refactoring/utils/logger.js:222:15)

  console.log
    [2025-11-24T21:57:52.616Z] [INFO] [WidgetGenerator] Γ£ô Generated widget: DashboardPage (stateful)

      at Logger.log [as _log] (lib/refactoring/utils/logger.js:222:15)

  console.log
    [2025-11-24T21:57:52.618Z] [INFO] [WidgetGenerator] Generating Flutter widget for: Logo

      at Logger.log [as _log] (lib/refactoring/utils/logger.js:222:15)

  console.log
    [2025-11-24T21:57:52.620Z] [INFO] [WidgetGenerator] Γ£ô Generated widget: LogoWidget (stateless)

      at Logger.log [as _log] (lib/refactoring/utils/logger.js:222:15)

npm : FAIL tests/refac
toring/generators/Widg
etGenerator.test.js
At line:1 char:1
+ npm test tests/refac
toring/generators/Widg
etGenerator.test.js > 
test_ ...
+ ~~~~~~~~~~~~~~~~~~~~
~~~~~~~~~~~~~~~~~~~~~~
~~~~~~~~~~~~~~~~~~~~~~
~~~~~
    + CategoryInfo    
          : NotSpeci  
  fied: (FAIL tests   
 /refa...nerator.t    
est.js:String) []    
, RemoteException
    + FullyQualifiedE 
   rrorId : NativeCo  
  mmandError
 
  WidgetGenerator
    generate
      ΓêÜ should 
generate 
StatelessWidget for 
simple component (58 
ms)
      ΓêÜ should 
generate 
StatefulWidget for 
component with state 
(4 ms)
      ΓêÜ should 
generate 
StatefulWidget for 
component with API 
calls (5 ms)
      ΓêÜ should 
generate Page name 
for page components 
(4 ms)
      ΓêÜ should 
include required 
imports (4 ms)
      ΓêÜ should add 
async import for 
components with API 
calls (4 ms)
      ΓêÜ should 
recommend BLoC for 
complex components (3 
ms)
      ΓêÜ should 
handle components 
without props (4 ms)
    generateMultiple
      ├ù should 
generate widgets for 
multiple components 
(1 ms)
      ├ù should 
continue on error and 
skip failed components
    _convertPropType
      ΓêÜ should 
convert string types 
(1 ms)
      ΓêÜ should 
convert number types
      ΓêÜ should 
convert boolean types 
(1 ms)
      ΓêÜ should 
convert array types 
(1 ms)
      ΓêÜ should 
convert function 
types (1 ms)
      ΓêÜ should 
handle unknown types 
as dynamic (1 ms)
    generateWidgetTree
      ΓêÜ should 
convert simple View 
to Container (161 ms)
      ΓêÜ should 
convert Text element 
with string content 
(2 ms)
      ΓêÜ should 
convert 
TouchableOpacity to 
InkWell (2 ms)
      ΓêÜ should 
handle event handlers 
(onPress to onTap) (2 
ms)
      ΓêÜ should 
convert Button with 
title (1 ms)
      ΓêÜ should 
handle nested 
components (2 ms)
      ΓêÜ should 
handle JSX fragments 
(3 ms)
      ΓêÜ should 
handle conditional 
rendering (ternary) 
(3 ms)
      ΓêÜ should 
handle conditional 
rendering (logical 
AND) (2 ms)
      ΓêÜ should 
convert array map to 
ListView.builder (5 
ms)
      ΓêÜ should 
handle FlatList to 
ListView.builder (1 
ms)
      ΓêÜ should 
convert ScrollView to 
SingleChildScrollView 
(1 ms)
      ΓêÜ should 
handle Image with 
source (3 ms)
      ├ù should 
handle TextInput to 
TextField (3 ms)
      ΓêÜ should 
handle SafeAreaView 
to SafeArea
      ΓêÜ should 
handle 
ActivityIndicator to C
ircularProgressIndicat
or (1 ms)
      ΓêÜ should 
handle boolean props 
(1 ms)
      ΓêÜ should 
handle string literal 
props (1 ms)
      ΓêÜ should 
handle expression 
props (1 ms)
      ΓêÜ should 
handle multiple 
children correctly (1 
ms)
      ΓêÜ should 
handle 
whitespace-only text 
nodes (1 ms)
      ΓêÜ should 
return null for null 
JSX (1 ms)
    _handleJSXElement
      ΓêÜ should 
extract element name 
correctly (1 ms)
      ΓêÜ should 
extract props 
correctly
    
_convertImageSource
      ΓêÜ should 
convert network URL 
to NetworkImage
      ΓêÜ should 
convert relative path 
to AssetImage
      ΓêÜ should 
handle http URLs

  ΓùÅ WidgetGenerator 
ΓÇ║ generateMultiple 
ΓÇ║ should generate 
widgets for multiple 
components

    TypeError: generat
or.generateMultiple 
is not a function

    [0m [90m 164 
|[39m       
][33m;[39m
     [90m 165 |[39m
    [31m[1m>[22m[3
9m[90m 166 |[39m    
   [36mconst[39m 
widgets [33m=[39m ge
nerator[33m.[39mgene
rateMultiple(component
s)[33m;[39m
     [90m     |[39m 
                      
          
[31m[1m^[22m[39m
     [90m 167 |[39m
     [90m 168 |[39m 
      expect(widgets[
33m.[39mlength)[33m.
[39mtoBe([35m2[39m)
[33m;[39m
     [90m 169 |[39m 
      expect(widgets[
[35m0[39m][33m.[39m
name)[33m.[39mtoBe(
[32m'Button'[39m)[33
m;[39m [90m// 
Standard Flutter 
widget[39m[0m

      at Object.genera
teMultiple (tests/refa
ctoring/generators/Wid
getGenerator.test.js:1
66:33)

  ΓùÅ WidgetGenerator 
ΓÇ║ generateMultiple 
ΓÇ║ should continue 
on error and skip 
failed components

    TypeError: generat
or.generateMultiple 
is not a function

    [0m [90m 186 
|[39m       
][33m;[39m
     [90m 187 |[39m
    [31m[1m>[22m[3
9m[90m 188 |[39m    
   [36mconst[39m 
widgets [33m=[39m ge
nerator[33m.[39mgene
rateMultiple(component
s[33m.[39mfilter([3
3mBoolean[39m))[33m;
[39m
     [90m     |[39m 
                      
          
[31m[1m^[22m[39m
     [90m 189 |[39m
     [90m 190 |[39m 
      expect(widgets[
33m.[39mlength)[33m.
[39mtoBe([35m2[39m)
[33m;[39m
     [90m 191 |[39m 
    })[33m;[39m[0m

      at Object.genera
teMultiple (tests/refa
ctoring/generators/Wid
getGenerator.test.js:1
88:33)

  ΓùÅ WidgetGenerator 
ΓÇ║ 
generateWidgetTree 
ΓÇ║ should handle 
TextInput to TextField

    expect(received).t
oBe(expected) // 
Object.is equality

    Expected: 
"TextField"
    Received: 
"FormBuilderTextField"

    [0m [90m 361 
|[39m       
[36mconst[39m 
widget [33m=[39m gen
erator[33m.[39mgener
ateWidgetTree(jsx)[33
m;[39m
     [90m 362 |[39m
    [31m[1m>[22m[3
9m[90m 363 |[39m    
   expect(widget[33m.
[39mname)[33m.[39mt
oBe([32m'TextField'[
39m)[33m;[39m
     [90m     |[39m 
                      
    
[31m[1m^[22m[39m
     [90m 364 |[39m 
      expect(widget[3
3m.[39mproperties[33
m.[39mhintText)[33m.
[39mtoBe([32m"'Enter
 text'"[39m)[33m;[3
9m
     [90m 365 |[39m 
      expect(widget[3
3m.[39mproperties[33
m.[39monChanged)[33m
.[39mtoBe([32m'handl
eChange'[39m)[33m;[
39m
     [90m 366 |[39m 
    })[33m;[39m[0m

      at Object.toBe (
tests/refactoring/gene
rators/WidgetGenerator
.test.js:363:27)

Test Suites: 1 
failed, 1 total
Tests:       3 
failed, 40 passed, 43 
total
Snapshots:   0 total
Time:        0.957 s, 
estimated 1 s
Ran all test suites 
matching tests/refacto
ring/generators/Widget
Generator.test.js.
